[backblue.gif]
[fade.gif]
[index.html]
[kodeforest.net/html/gameplay/images/logo.png]
[kodeforest.net/html/gameplay/images/team_logo.png]
[kodeforest.net/html/gameplay/images/team_logo2.png]
[kodeforest.net/html/gameplay/images/team_logo3.png]
[kodeforest.net/html/gameplay/images/team_logo4.png]
[kodeforest.net/html/gameplay/extra-images/banner1.jpg]
[kodeforest.net/html/gameplay/extra-images/banner2.jpg]
[kodeforest.net/html/gameplay/extra-images/banner3.jpg]
[kodeforest.net/html/gameplay/extra-images/flag1.png]
[kodeforest.net/html/gameplay/extra-images/flag2.png]
[kodeforest.net/html/gameplay/extra-images/feature_slider.jpg]
[kodeforest.net/html/gameplay/extra-images/feature_slider2.jpg]
[kodeforest.net/html/gameplay/extra-images/feature_1.jpg]
[kodeforest.net/html/gameplay/extra-images/admin.jpg]
[kodeforest.net/html/gameplay/extra-images/feature_2.jpg]
[kodeforest.net/html/gameplay/extra-images/feature_3.jpg]
[kodeforest.net/html/gameplay/extra-images/feature_4.jpg]
[kodeforest.net/html/gameplay/extra-images/feature_5.jpg]
[kodeforest.net/html/gameplay/extra-images/add_banner.jpg]
[kodeforest.net/html/gameplay/extra-images/feature_6.jpg]
[kodeforest.net/html/gameplay/extra-images/feature_7.jpg]
[kodeforest.net/html/gameplay/images/team_logo5.png]
[kodeforest.net/html/gameplay/images/team_logo6.png]
[kodeforest.net/html/gameplay/images/team_logo7.png]
[kodeforest.net/html/gameplay/images/team_logo8.png]
[kodeforest.net/html/gameplay/images/team_logo9.png]
[kodeforest.net/html/gameplay/images/team_logo10.png]
[kodeforest.net/html/gameplay/extra-images/recent_1.jpg]
[kodeforest.net/html/gameplay/extra-images/recent_2.jpg]
[kodeforest.net/html/gameplay/extra-images/recent_3.jpg]
[kodeforest.net/html/gameplay/extra-images/recent_4.jpg]
[kodeforest.net/html/gameplay/extra-images/add_banner2.jpg]
[kodeforest.net/html/gameplay/images/team_logo11.png]
[kodeforest.net/html/gameplay/images/team_logo12.png]
[kodeforest.net/html/gameplay/extra-images/add_banne3.jpg]
[kodeforest.net/html/gameplay/images/ft_logo2.png]
[kodeforest.net/html/gameplay/extra-images/insta1.jpg]
[kodeforest.net/html/gameplay/extra-images/insta2.jpg]
[kodeforest.net/html/gameplay/extra-images/insta3.jpg]
[kodeforest.net/html/gameplay/extra-images/insta4.jpg]
[kodeforest.net/html/gameplay/extra-images/insta5.jpg]
[kodeforest.net/html/gameplay/extra-images/insta6.jpg]
[kodeforest.net/html/gameplay/js/jquery.js]
[kodeforest.net/html/gameplay/js/bootstrap.js]
[kodeforest.net/html/gameplay/js/slick.min.js]
[kodeforest.net/html/gameplay/js/downCount.js]
[kodeforest.net/html/gameplay/js/waypoints-min.js]
[kodeforest.net/html/gameplay/js/dl-menu/modernizr.custom.js]
[kodeforest.net/html/gameplay/js/dl-menu/jquery.dlmenu.js]
[kodeforest.net/html/gameplay/js/jprogress.js]
[kodeforest.net/html/gameplay/js/jquery.prettyPhoto.js]
[kodeforest.net/html/gameplay/js/custom.js]
[kodeforest.net/html/gameplay/index.html]
[kodeforest.net/html/gameplay/fonts/glyphicons-halflings-regular.eot]
[kodeforest.net/html/gameplay/fonts/glyphicons-halflings-regulard41d.eot]
[kodeforest.net/html/gameplay/fonts/glyphicons-halflings-regular.woff]
[kodeforest.net/html/gameplay/fonts/glyphicons-halflings-regular.ttf]
[kodeforest.net/html/gameplay/css/bootstrap.css]
[kodeforest.net/html/gameplay/js/dl-menu/component.css]
[kodeforest.net/html/gameplay/css/slick.css]
[kodeforest.net/html/gameplay/css/slick-theme.css]
[kodeforest.net/html/gameplay/css/ajax-loader.gif]
[kodeforest.net/html/gameplay/fonts/fontawesome-webfont3295.eot]
[kodeforest.net/html/gameplay/fonts/fontawesome-webfontd41d.eot]
[kodeforest.net/html/gameplay/fonts/fontawesome-webfont3295.woff]
[kodeforest.net/html/gameplay/fonts/fontawesome-webfont3295.ttf]
[kodeforest.net/html/gameplay/css/font-awesome.css]
[kodeforest.net/html/gameplay/fonts/icomoon13e6.eot]
[kodeforest.net/html/gameplay/fonts/icomoon13e6.ttf]
[kodeforest.net/html/gameplay/fonts/icomoon13e6.woff]
[kodeforest.net/html/gameplay/css/svg-icons.css]
[kodeforest.net/html/gameplay/images/prettyPhoto/default/sprite_next.png]
[kodeforest.net/html/gameplay/images/prettyPhoto/default/sprite_prev.png]
[kodeforest.net/html/gameplay/images/prettyPhoto/default/sprite.png]
[kodeforest.net/html/gameplay/images/prettyPhoto/default/default_thumb.png]
[kodeforest.net/html/gameplay/images/prettyPhoto/default/loader.gif]
[kodeforest.net/html/gameplay/images/prettyPhoto/light_rounded/sprite.png]
[kodeforest.net/html/gameplay/images/prettyPhoto/light_rounded/btnNext.png]
[kodeforest.net/html/gameplay/images/prettyPhoto/light_rounded/btnPrevious.png]
[kodeforest.net/html/gameplay/images/prettyPhoto/light_rounded/loader.gif]
[kodeforest.net/html/gameplay/images/prettyPhoto/dark_rounded/sprite.png]
[kodeforest.net/html/gameplay/images/prettyPhoto/dark_rounded/contentPattern.png]
[kodeforest.net/html/gameplay/images/prettyPhoto/dark_rounded/btnNext.png]
[kodeforest.net/html/gameplay/images/prettyPhoto/dark_rounded/btnPrevious.png]
[kodeforest.net/html/gameplay/images/prettyPhoto/dark_rounded/loader.gif]
[kodeforest.net/html/gameplay/images/prettyPhoto/dark_square/loader.gif]
[kodeforest.net/html/gameplay/images/prettyPhoto/dark_square/sprite.png]
[kodeforest.net/html/gameplay/images/prettyPhoto/dark_square/btnNext.png]
[kodeforest.net/html/gameplay/images/prettyPhoto/dark_square/btnPrevious.png]
[kodeforest.net/html/gameplay/images/prettyPhoto/light_square/sprite.png]
[kodeforest.net/html/gameplay/images/prettyPhoto/light_square/btnNext.png]
[kodeforest.net/html/gameplay/images/prettyPhoto/light_square/btnPrevious.png]
[kodeforest.net/html/gameplay/images/prettyPhoto/facebook/sprite.png]
[kodeforest.net/html/gameplay/images/prettyPhoto/facebook/contentPatternTop.png]
[kodeforest.net/html/gameplay/images/prettyPhoto/facebook/contentPatternLeft.png]
[kodeforest.net/html/gameplay/images/prettyPhoto/facebook/contentPatternRight.png]
[kodeforest.net/html/gameplay/images/prettyPhoto/facebook/loader.gif]
[kodeforest.net/html/gameplay/images/prettyPhoto/facebook/btnNext.png]
[kodeforest.net/html/gameplay/images/prettyPhoto/facebook/btnPrevious.png]
[kodeforest.net/html/gameplay/images/prettyPhoto/facebook/contentPatternBottom.png]
[kodeforest.net/html/gameplay/images/prettyPhoto/facebook/default_thumbnail.gif]
[kodeforest.net/html/gameplay/css/prettyPhoto.css]
[kodeforest.net/html/gameplay/css/typography.css]
[kodeforest.net/html/gameplay/extra-images/bg_pol.jpg]
[kodeforest.net/html/gameplay/images/pattren_bg.png]
[kodeforest.net/html/gameplay/css/widget.css]
[kodeforest.net/html/gameplay/images/stars.png]
[kodeforest.net/html/gameplay/css/shortcodes.css]
[kodeforest.net/html/gameplay/extra-images/inner_banner.jpg]
[kodeforest.net/html/gameplay/extra-images/footer1-bg.jpg]
[kodeforest.net/html/gameplay/extra-images/footer2-bg.jpg]
[kodeforest.net/html/gameplay/extra-images/match_bg.jpg]
[kodeforest.net/html/gameplay/extra-images/404.png]
[kodeforest.net/html/gameplay/extra-images/comingsoon_bg.jpg]
[kodeforest.net/html/gameplay/style.css]
[kodeforest.net/html/gameplay/css/color.css]
[kodeforest.net/html/gameplay/css/responsive.css]
[kodeforest.net/html/gameplay/index-2.html]
[kodeforest.net/html/gameplay/latest-result.html]
[kodeforest.net/html/gameplay/team-schedule.html]
[kodeforest.net/html/gameplay/extra-images/feature_8.jpg]
[kodeforest.net/html/gameplay/extra-images/feature_9.jpg]
[kodeforest.net/html/gameplay/extra-images/feature_10.jpg]
[kodeforest.net/html/gameplay/extra-images/feature_11.jpg]
[kodeforest.net/html/gameplay/extra-images/feature_12.jpg]
[kodeforest.net/html/gameplay/extra-images/feature_13.jpg]
[kodeforest.net/html/gameplay/blog-grid-2.html]
[kodeforest.net/html/gameplay/blog-grid-3.html]
[kodeforest.net/html/gameplay/blog-grid-4.html]
[kodeforest.net/html/gameplay/blog2-grid-2.html]
[kodeforest.net/html/gameplay/blog2-grid-3.html]
[kodeforest.net/html/gameplay/blog2-grid-4.html]
[kodeforest.net/html/gameplay/blog3-grid-2.html]
[kodeforest.net/html/gameplay/blog3-grid-3.html]
[kodeforest.net/html/gameplay/blog3-grid-4.html]
[kodeforest.net/html/gameplay/blog-grid-with-sidebar.html]
[kodeforest.net/html/gameplay/extra-images/feature_list_1.jpg]
[kodeforest.net/html/gameplay/extra-images/feature_list_2.jpg]
[kodeforest.net/html/gameplay/extra-images/feature_list_3.jpg]
[kodeforest.net/html/gameplay/extra-images/feature_list_4.jpg]
[kodeforest.net/html/gameplay/blog-large-with-sidebar.html]
[kodeforest.net/html/gameplay/extra-images/feature_14.jpg]
[kodeforest.net/html/gameplay/extra-images/feature_15.jpg]
[kodeforest.net/html/gameplay/extra-images/feature_16.jpg]
[kodeforest.net/html/gameplay/extra-images/feature_17.jpg]
[kodeforest.net/html/gameplay/extra-images/feature_18.jpg]
[kodeforest.net/html/gameplay/blog-listing-with-sidebar.html]
[kodeforest.net/html/gameplay/extra-images/latestthumb.jpg]
[kodeforest.net/html/gameplay/extra-images/commeent1.jpg]
[kodeforest.net/html/gameplay/extra-images/commeent2.jpg]
[kodeforest.net/html/gameplay/blog-detail.html]
[kodeforest.net/html/gameplay/extra-images/commeent3.jpg]
[kodeforest.net/html/gameplay/images/cmt_1.png]
[kodeforest.net/html/gameplay/images/cmt_2.png]
[kodeforest.net/html/gameplay/extra-images/widget_slide1.png]
[kodeforest.net/html/gameplay/team-overview.html]
[kodeforest.net/html/gameplay/js/canvasjs.min.js]
[kodeforest.net/html/gameplay/extra-images/rooster1.png]
[kodeforest.net/html/gameplay/extra-images/rooster2.png]
[kodeforest.net/html/gameplay/extra-images/rooster3.png]
[kodeforest.net/html/gameplay/extra-images/rooster4.png]
[kodeforest.net/html/gameplay/team-roster.html]
[kodeforest.net/html/gameplay/team-standing.html]
[kodeforest.net/html/gameplay/extra-images/rooster5.png]
[kodeforest.net/html/gameplay/images/cmt_3.png]
[kodeforest.net/html/gameplay/images/cmt_4.png]
[kodeforest.net/html/gameplay/images/flag-1.png]
[kodeforest.net/html/gameplay/images/flag-2.png]
[kodeforest.net/html/gameplay/images/flag-3.png]
[kodeforest.net/html/gameplay/images/flag-4.png]
[kodeforest.net/html/gameplay/images/flag-5.png]
[kodeforest.net/html/gameplay/extra-images/widget_slide2.jpg]
[kodeforest.net/html/gameplay/team-comparison.html]
[kodeforest.net/html/gameplay/extra-images/widget_slide3.jpg]
[kodeforest.net/html/gameplay/extra-images/kodegallery1.jpg]
[kodeforest.net/html/gameplay/extra-images/kodegallery2.jpg]
[kodeforest.net/html/gameplay/extra-images/kodegallery3.jpg]
[kodeforest.net/html/gameplay/extra-images/kodegallery4.jpg]
[kodeforest.net/html/gameplay/extra-images/kodegallery5.jpg]
[kodeforest.net/html/gameplay/extra-images/kodegallery6.jpg]
[kodeforest.net/html/gameplay/teamdetails.html]
[kodeforest.net/html/gameplay/player-detail.html]
[kodeforest.net/html/gameplay/players-standing.html]
[kodeforest.net/html/gameplay/extra-images/opponent2.png]
[kodeforest.net/html/gameplay/extra-images/opponent3.png]
[kodeforest.net/html/gameplay/ticket.html]
[kodeforest.net/html/gameplay/extra-images/product1.png]
[kodeforest.net/html/gameplay/extra-images/product2.png]
[kodeforest.net/html/gameplay/extra-images/product3.png]
[kodeforest.net/html/gameplay/extra-images/product4.png]
[kodeforest.net/html/gameplay/images/shop_thumb.png]
[kodeforest.net/html/gameplay/images/shop_thumb2.png]
[kodeforest.net/html/gameplay/images/shop_thumb3.png]
[kodeforest.net/html/gameplay/images/shop_thumb4.png]
[kodeforest.net/html/gameplay/images/shop_thumb5.png]
[kodeforest.net/html/gameplay/images/shop_thumb6.png]
[kodeforest.net/html/gameplay/images/shop_thumb7.png]
[kodeforest.net/html/gameplay/images/shop_thumb8.png]
[kodeforest.net/html/gameplay/shop.html]
[kodeforest.net/html/gameplay/ticket-detail.html]
[kodeforest.net/html/gameplay/404.html]
[kodeforest.net/html/gameplay/comingsoon.html]
[kodeforest.net/html/gameplay/widget.html]
[kodeforest.net/html/gameplay/contactus.html]
[kodeforest.net/html/gameplay/fonts/glyphicons-halflings-regular.html]
[kodeforest.net/html/gameplay/fonts/glyphicons-halflings-regular.svg]
[kodeforest.net/html/gameplay/fonts/fontawesome-webfont3295.html]
[kodeforest.net/html/gameplay/fonts/fontawesome-webfont3295.svg]
[kodeforest.net/html/gameplay/fonts/icomoon13e6.svg]
[kodeforest.net/html/gameplay/js/range-slider.js]
[kodeforest.net/html/gameplay/css/range-slider.css]
[kodeforest.net/html/gameplay/css/images/ui-icons_222222_256x240.html]
[kodeforest.net/html/gameplay/css/images/ui-icons_888888_256x240.html]
[kodeforest.net/html/gameplay/css/images/ui-icons_454545_256x240.html]
[kodeforest.net/html/gameplay/css/images/ui-icons_2e83ff_256x240.html]
[kodeforest.net/html/gameplay/css/images/ui-icons_cd0a0a_256x240.html]
[kodeforest.net/html/gameplay/css/images/ui-bg_flat_0_aaaaaa_40x100.html]
